
> existence_ticker@0.0.0 build
> tsc && vite build

src/components/ExistenceTicker.tsx(13,87): error TS2345: Argument of type 'unknown' is not assignable to parameter of type 'number'.
src/components/ExistenceTicker.tsx(16,50): error TS2345: Argument of type 'unknown' is not assignable to parameter of type 'number'.
src/components/ExistenceTicker.tsx(19,54): error TS2345: Argument of type 'unknown' is not assignable to parameter of type 'number'.
src/components/LiveBalance.tsx(25,38): error TS2345: Argument of type 'unknown' is not assignable to parameter of type 'number'.
src/components/LiveBalance.tsx(30,54): error TS2345: Argument of type 'unknown' is not assignable to parameter of type 'number'.
src/components/LiveBalance.tsx(34,58): error TS2345: Argument of type 'unknown' is not assignable to parameter of type 'number'.
src/components/WishCard.tsx(654,37): error TS2345: Argument of type 'number' is not assignable to parameter of type 'string | Date | { toDate?: (() => Date) | undefined; } | undefined'.
src/components/WishCard.tsx(834,31): error TS2345: Argument of type 'number | undefined' is not assignable to parameter of type 'number'.
  Type 'undefined' is not assignable to type 'number'.
src/components/WishCard.tsx(1016,35): error TS2345: Argument of type 'number' is not assignable to parameter of type 'string | Date | { toDate?: (() => Date) | undefined; } | undefined'.
src/hooks/useDecayedValue.ts(17,39): error TS2345: Argument of type 'unknown' is not assignable to parameter of type 'number'.
src/hooks/useDecayedValue.ts(22,53): error TS2345: Argument of type 'unknown' is not assignable to parameter of type 'number'.
src/hooks/useWishActions.ts(61,7): error TS2322: Type 'string' is not assignable to type 'number'.
src/hooks/useWishActions.ts(654,11): error TS2345: Argument of type 'Timestamp' is not assignable to parameter of type 'number'.
src/hooks/useWishActions.ts(661,77): error TS2345: Argument of type 'number | undefined' is not assignable to parameter of type 'number'.
  Type 'undefined' is not assignable to type 'number'.
src/hooks/useWishActions.ts(700,87): error TS2345: Argument of type 'number | undefined' is not assignable to parameter of type 'number'.
  Type 'undefined' is not assignable to type 'number'.
src/hooks/useWishActions.ts(701,90): error TS2345: Argument of type 'number | undefined' is not assignable to parameter of type 'number'.
  Type 'undefined' is not assignable to type 'number'.
